pi@raspberrypi:~/SmartCar $ cd ..
pi@raspberrypi:~ $ cd SmartCar
pi@raspberrypi:~/SmartCar $ ls
advance              infrared_avoid.c         PS2_Control.c
advance.c            infrared_follow          qctzhd
avoid_ultrasonic     infrared_follow.c        ServoControlCorlor
avoid_ultrasonic.c   initpin.sh               ServoControlCorlor.c
bluetooth_control    KeyScanStart             servo_ultrasonic_avoid
bluetooth_control.c  KeyScanStart.c           servo_ultrasonic_avoid.c
CarRun               light_follow             TCP_control
CarRun.c             light_follow.c           TCP_control.c
ColorLED             master_system_control    tracking
ColorLED.c           master_system_control.c  tracking.c
infrared_avoid       PS2_Control
pi@raspberrypi:~/SmartCar $ cp CarRun.c ../dyt_code
pi@raspberrypi:~/SmartCar $ cd ../dyt_code
pi@raspberrypi:~/dyt_code $ ls
advance.c   advance.py  ColorLED    ColorLED.py  hello    Hello.o
advancedyt  CarRun.c    ColorLED.c  dytadv       Hello.c  pycharm
pi@raspberrypi:~/dyt_code $ vim CarRun.c
/**
* @par Copyright (C): 2010-2019, Shenzhen Yahboom Tech
* @file         CarRun.c
* @author       Danny
* @version      V1.0
* @date         2017.08.16
* @brief       小车前进后退左右综合实验
* @details
* @par History  见如下说明
*
*/
#include <wiringPi.h>
#include <softPwm.h>

//定义引脚
int Left_motor_go = 28;       //左电机前进AIN2连接Raspberry的wiringPi编码28口
int Left_motor_back = 29;     //左电机后退AIN1连接Raspberry的wiringPi编码29口

int Right_motor_go = 24;      //右电机前进BIN2连接Raspberry的wiringPi编码24口

int Left_motor_pwm = 27;      //左电机控速PWMA连接Raspberry的wiringPi编码27口
int Right_motor_pwm = 23;     //右电机控速PWMB连接Raspberry的wiringPi编码23口

/**
* Function       run
* @author        Danny
* @date          2017.08.16
* @brief         小车前进
* @param[in]     time
* @param[out]    void
* @retval        void
* @par History   无
*/
void run(int time)
{
  //左电机前进
  digitalWrite(Left_motor_go, HIGH);   //左电机前进使能
  digitalWrite(Left_motor_back, LOW);  //左电机后退禁止
  softPwmWrite(Left_motor_pwm, 150);   //PWM比例0-255调速，左右轮差异略增减

  //右电机前进
  digitalWrite(Right_motor_go, HIGH);  //右电机前进使能
  digitalWrite(Right_motor_back, LOW); //右电机后退禁止
  softPwmWrite(Right_motor_pwm, 150);  //PWM比例0-255调速，左右轮差异略增减

  //延时
  delay(time * 100);
}

/**
* Function       brake
* @author        Danny
* @date          2017.08.16
* @brief         小车刹车
* @param[in]     time
* @param[out]    void
* @retval        void
* @par History   无
*/
void brake(int time)
{
  digitalWrite(Left_motor_go, LOW);
  digitalWrite(Left_motor_back, LOW);
  digitalWrite(Right_motor_go, LOW);
  digitalWrite(Right_motor_back, LOW);

  //延时
  delay(time * 100);
}

/**
* Function       left
* @author        Danny
* @date          2017.08.16
* @brief         小车左转 左转(左轮不动,右轮前进)
* @param[in]     time
* @param[out]    void
* @retval        void
* @par History   无
*/
void left(int time)
{
  //左电机停止
  digitalWrite(Left_motor_go, LOW);     //左电机前进禁止
  digitalWrite(Left_motor_back, LOW);   //左电机后退禁止
  softPwmWrite(Left_motor_pwm, 0);      //左边电机速度设为0(0-255)

  //右电机前进
  digitalWrite(Right_motor_go, HIGH);  //右电机前进使能
  digitalWrite(Right_motor_back, LOW); //右电机后退禁止
  softPwmWrite(Right_motor_pwm, 150);  //右边电机速度设200(0-255)

  //延时
  delay(time * 100);
}

/**
* Function       right
* @author        Danny
* @date          2017.08.16
* @brief         小车右转 右转(左轮前进,右轮不动)
* @param[in]     time
* @param[out]    void
* @retval        void
* @par History   无
*/
void right(int time)
{
  //左电机前进
  digitalWrite(Left_motor_go, HIGH);    //左电机前进使能
  digitalWrite(Left_motor_back, LOW);   //左电机后退禁止
  softPwmWrite(Left_motor_pwm, 150);    //左边电机速度设200(0-255)

  //右电机停止
  digitalWrite(Right_motor_go, LOW);    //右电机前进禁止
  digitalWrite(Right_motor_back, LOW);  //右电机后退禁止
  softPwmWrite(Right_motor_pwm, 0);     //右边电机速度设0(0-255)

  //延时
  delay(time * 100);
}

/**
* Function       spin_left
* @author        Danny
* @date          2017.08.16
* @brief         小车原地左转 原地左转(左轮后退，右轮前进)
* @param[in]     time
* @param[out]    void
* @retval        void
* @par History   无
*/
void spin_left(int time)
{
  //左电机后退
  digitalWrite(Left_motor_go, LOW);    //左电机前进禁止
  digitalWrite(Left_motor_back, HIGH); //左电机后退使能
  softPwmWrite(Left_motor_pwm, 150);

  //右电机前进
  digitalWrite(Right_motor_go, HIGH);  //右电机前进使能
  digitalWrite(Right_motor_back, LOW); //右电机后退禁止
  softPwmWrite(Right_motor_pwm, 150);

  //延时
  delay(time * 100);
}

/**
* Function       spin_right
* @author        Danny
* @date          2017.08.16
* @brief         小车原地右转 原地右转(右轮后退，左轮前进)
* @param[in]     time
* @param[out]    void
* @retval        void
* @par History   无
*/
void spin_right(int time)
{
  //左电机前进
  digitalWrite(Left_motor_go, HIGH);    //左电机前进使能
  digitalWrite(Left_motor_back, LOW);   //左电机后退禁止
  softPwmWrite(Left_motor_pwm, 150);

  //右电机后退
  digitalWrite(Right_motor_go, LOW);    //右电机前进禁止
  digitalWrite(Right_motor_back, HIGH); //右电机后退使能
  softPwmWrite(Right_motor_pwm, 150);

  //延时
  delay(time * 100);
}

/**
* Function       back
* @author        Danny
* @date          2017.08.16
* @brief         小车后退 
* @param[in]     time
* @param[out]    void
* @retval        void
* @par History   无
*/
void back(int time)
{
  //左电机后退
  digitalWrite(Left_motor_go, LOW);     //左电机前进禁止
  digitalWrite(Left_motor_back, HIGH);  //左电机后退使能
  softPwmWrite(Left_motor_pwm, 150);

  //右电机后退
  digitalWrite(Right_motor_go, LOW);    //右电机前进禁止
  digitalWrite(Right_motor_back, HIGH); //右电机后退使能
  softPwmWrite(Right_motor_pwm, 150);

  //延时
  delay(time * 100);
}

/**
* Function       main
* @author        Danny
* @date          2017.08.16
* @brief         先延时2，再前进1，后退1s,左转2s,右转2s,
*                原地左转3s,原地右转3s,停止0.5s
* @param[in]     void
* @retval        void
* @par History   无
*/
void main()
{
   //wiringPi初始化
   wiringPiSetup();

  //初始化电机驱动IO口为输出方式
  pinMode(Left_motor_go, OUTPUT);
  pinMode(Left_motor_back, OUTPUT);
  pinMode(Right_motor_go, OUTPUT);
  pinMode(Right_motor_back, OUTPUT);

  //创建两个软件控制的PWM脚
  //int softPwmCreate(int pin,int initialValue,int pwmRange);
  softPwmCreate(Left_motor_pwm,0,255);
  softPwmCreate(Right_motor_pwm,0,255);

  while(1)
  {
   delay(2000);      //延时2s  
   run(10);          //前进1s(10 * 100ms)
   back(10);         //后退1s
   left(20);         //左转2s
   right(20);        //右转2s
   spin_left(30);    //原地左转3s
   spin_right(30);   //原地右转3s
   brake(5);         //停止0.5s
  }
  return;

int Left_motor_pwm = 27;      //左电机控速PWMA连接Raspberry的wiringPi编码27口
int Right_motor_pwm = 23;     //右电机控速PWMB连接Raspberry的wiringPi编码23口

/**
* Function       run
* @author        Danny
* @date          2017.08.16
* @brief         小车前进
* @param[in]     time
* @param[out]    void
* @retval        void
* @par History   无
*/
void run(int time)
{
  //左电机前进
  digitalWrite(Left_motor_go, HIGH);   //左电机前进使能
  digitalWrite(Left_motor_back, LOW);  //左电机后退禁止
  softPwmWrite(Left_motor_pwm, 150);   //PWM比例0-255调速，左右轮差异略增减

  //右电机前进
  digitalWrite(Right_motor_go, HIGH);  //右电机前进使能
  digitalWrite(Right_motor_back, LOW); //右电机后退禁止
  softPwmWrite(Right_motor_pwm, 150);  //PWM比例0-255调速，左右轮差异略增减

  //延时
  delay(time * 100);
}

/**
* Function       brake
* @author        Danny
* @date          2017.08.16
* @brief         小车刹车
* @param[in]     time
* @param[out]    void
* @retval        void
* @par History   无
*/
void brake(int time)
{
  digitalWrite(Left_motor_go, LOW);
  digitalWrite(Left_motor_back, LOW);
  digitalWrite(Right_motor_go, LOW);
  digitalWrite(Right_motor_back, LOW);

  //延时
  delay(time * 100);
}

/**
* Function       left
* @author        Danny
* @date          2017.08.16
* @brief         小车左转 左转(左轮不动,右轮前进)
* @param[in]     time
* @param[out]    void
* @retval        void
* @par History   无
*/
void left(int time)
{
  //左电机停止
  digitalWrite(Left_motor_go, LOW);     //左电机前进禁止
  digitalWrite(Left_motor_back, LOW);   //左电机后退禁止
  softPwmWrite(Left_motor_pwm, 0);      //左边电机速度设为0(0-255)

  //右电机前进
  digitalWrite(Right_motor_go, HIGH);  //右电机前进使能
  digitalWrite(Right_motor_back, LOW); //右电机后退禁止
  softPwmWrite(Right_motor_pwm, 150);  //右边电机速度设200(0-255)

  //延时
  delay(time * 100);
}

/**
* Function       right
* @author        Danny
* @date          2017.08.16
* @brief         小车右转 右转(左轮前进,右轮不动)
* @param[in]     time
* @param[out]    void
* @retval        void
* @par History   无
*/
void right(int time)
{
  //左电机前进
  digitalWrite(Left_motor_go, HIGH);    //左电机前进使能
  digitalWrite(Left_motor_back, LOW);   //左电机后退禁止
  softPwmWrite(Left_motor_pwm, 150);    //左边电机速度设200(0-255)

  //右电机停止
  digitalWrite(Right_motor_go, LOW);    //右电机前进禁止
  digitalWrite(Right_motor_back, LOW);  //右电机后退禁止
  softPwmWrite(Right_motor_pwm, 0);     //右边电机速度设0(0-255)

  //延时
  delay(time * 100);
}

/**
* Function       spin_left
* @author        Danny
* @date          2017.08.16
* @brief         小车原地左转 原地左转(左轮后退，右轮前进)
* @param[in]     time
* @param[out]    void
* @retval        void
* @par History   无
*/
void spin_left(int time)
{
  //左电机后退
  digitalWrite(Left_motor_go, LOW);    //左电机前进禁止
  digitalWrite(Left_motor_back, HIGH); //左电机后退使能
  softPwmWrite(Left_motor_pwm, 150);

  //右电机前进
  digitalWrite(Right_motor_go, HIGH);  //右电机前进使能
  digitalWrite(Right_motor_back, LOW); //右电机后退禁止
  softPwmWrite(Right_motor_pwm, 150);

  //延时
  delay(time * 100);
}

/**
* Function       spin_right
* @author        Danny
* @date          2017.08.16
* @brief         小车原地右转 原地右转(右轮后退，左轮前进)
* @param[in]     time
* @param[out]    void
* @retval        void
* @par History   无
*/
void spin_right(int time)
{
  //左电机前进
  digitalWrite(Left_motor_go, HIGH);    //左电机前进使能
  digitalWrite(Left_motor_back, LOW);   //左电机后退禁止
  softPwmWrite(Left_motor_pwm, 150);

  //右电机后退
  digitalWrite(Right_motor_go, LOW);    //右电机前进禁止
  digitalWrite(Right_motor_back, HIGH); //右电机后退使能
  softPwmWrite(Right_motor_pwm, 150);

  //延时
  delay(time * 100);
}

/**
* Function       back
* @author        Danny
* @date          2017.08.16
* @brief         小车后退 
* @param[in]     time
* @param[out]    void
* @retval        void
* @par History   无
*/
void back(int time)
{
  //左电机后退
  digitalWrite(Left_motor_go, LOW);     //左电机前进禁止
  digitalWrite(Left_motor_back, HIGH);  //左电机后退使能
  softPwmWrite(Left_motor_pwm, 150);

  //右电机后退
  digitalWrite(Right_motor_go, LOW);    //右电机前进禁止
  digitalWrite(Right_motor_back, HIGH); //右电机后退使能
  softPwmWrite(Right_motor_pwm, 150);

  //延时
  delay(time * 100);
}

/**
* Function       main
* @author        Danny
* @date          2017.08.16
* @brief         先延时2，再前进1，后退1s,左转2s,右转2s,
*                原地左转3s,原地右转3s,停止0.5s
* @param[in]     void
* @retval        void
* @par History   无
*/
void main()
{
   //wiringPi初始化
   wiringPiSetup();

  //初始化电机驱动IO口为输出方式
  pinMode(Left_motor_go, OUTPUT);
  pinMode(Left_motor_back, OUTPUT);
  pinMode(Right_motor_go, OUTPUT);
  pinMode(Right_motor_back, OUTPUT);

  //创建两个软件控制的PWM脚
  //int softPwmCreate(int pin,int initialValue,int pwmRange);
  softPwmCreate(Left_motor_pwm,0,255);
  softPwmCreate(Right_motor_pwm,0,255);

  while(1)
  {
   delay(2000);      //延时2s  
   run(10);          //前进1s(10 * 100ms)
   back(10);         //后退1s
   left(20);         //左转2s
   right(20);        //右转2s
   spin_left(30);    //原地左转3s
   spin_right(30);   //原地右转3s
   brake(5);         //停止0.5s
  }
  return;
pi@raspberrypi:~/dyt_code $ gcc CarRun.c -o carrun -lwiringPi -g
pi@raspberrypi:~/dyt_code $ ./carrun
^C
pi@raspberrypi:~/dyt_code $ cd ..
pi@raspberrypi:~ $ ls
Desktop    master.zip            Pictures      SmartCar   wiringPi-8d188fa
Documents  mjpg-streamer-master  Public        Templates  wiringPi-8d188fa.tar.gz
Downloads  Music                 python        tools
dyt_code   my_file.txt           python_games  Videos
pi@raspberrypi:~ $ file my_file.txt
my_file.txt: ASCII text
pi@raspberrypi:~ $ ls -R
.:
Desktop    master.zip            Pictures      SmartCar   wiringPi-8d188fa
Documents  mjpg-streamer-master  Public        Templates  wiringPi-8d188fa.tar.gz
Downloads  Music                 python        tools
dyt_code   my_file.txt           python_games  Videos

./Desktop:

./Documents:

./Downloads:

./dyt_code:
advance.c   advance.py  CarRun.c  ColorLED.c   dytadv  Hello.c  pycharm
advancedyt  carrun      ColorLED  ColorLED.py  hello   Hello.o

./dyt_code/pycharm:
test.py

./mjpg-streamer-master:
mjpg-streamer-experimental  README.md

./mjpg-streamer-master/mjpg-streamer-experimental:
\                input_file.so      mjpg_streamer    output_udp.so  utils.c
_build           input_http.so      mjpg_streamer.c  plugins        utils.h
cmake            input_raspicam.so  mjpg_streamer.h  README.md      www
CMakeLists.txt   input_uvc.so       output_file.so   scripts
Dockerfile       LICENSE            output_http.so   start.sh
docker-start.sh  Makefile           output_rtsp.so   TODO

./mjpg-streamer-master/mjpg-streamer-experimental/_build:
CMakeCache.txt  CMakeFiles  cmake_install.cmake  Makefile  mjpg_streamer  plugins

./mjpg-streamer-master/mjpg-streamer-experimental/_build/CMakeFiles:
3.7.2                            CMakeTmp           Makefile.cmake
cmake.check_cache                feature_tests.bin  mjpg_streamer.dir
CMakeDirectoryInformation.cmake  feature_tests.c    progress.marks
CMakeError.log                   feature_tests.cxx  TargetDirectories.txt
CMakeOutput.log                  Makefile2

./mjpg-streamer-master/mjpg-streamer-experimental/_build/CMakeFiles/3.7.2:
CMakeCCompiler.cmake             CMakeDetermineCompilerABI_CXX.bin  CompilerIdCXX
CMakeCXXCompiler.cmake           CMakeSystem.cmake
CMakeDetermineCompilerABI_C.bin  CompilerIdC

./mjpg-streamer-master/mjpg-streamer-experimental/_build/CMakeFiles/3.7.2/CompilerIdC:
a.out  CMakeCCompilerId.c

./mjpg-streamer-master/mjpg-streamer-experimental/_build/CMakeFiles/3.7.2/CompilerIdCXX:
a.out  CMakeCXXCompilerId.cpp

./mjpg-streamer-master/mjpg-streamer-experimental/_build/CMakeFiles/CMakeTmp:

./mjpg-streamer-master/mjpg-streamer-experimental/_build/CMakeFiles/mjpg_streamer.dir:
build.make         DependInfo.cmake  flags.make         progress.make
C.includecache     depend.internal   link.txt           utils.c.o
cmake_clean.cmake  depend.make       mjpg_streamer.c.o

./mjpg-streamer-master/mjpg-streamer-experimental/_build/plugins:
input_file  input_opencv  input_raspicam  output_file  output_rtsp  output_viewer
input_http  input_ptp2    input_uvc       output_http  output_udp

./mjpg-streamer-master/mjpg-streamer-experimental/_build/plugins/input_file:
CMakeFiles  cmake_install.cmake  input_file.so  Makefile

./mjpg-streamer-master/mjpg-streamer-experimental/_build/plugins/input_file/CMakeFiles:
CMakeDirectoryInformation.cmake  input_file.dir  progress.marks

./mjpg-streamer-master/mjpg-streamer-experimental/_build/plugins/input_file/CMakeFiles/input_file.dir:
build.make      cmake_clean.cmake  depend.internal  flags.make      link.txt
C.includecache  DependInfo.cmake   depend.make      input_file.c.o  progress.make

./mjpg-streamer-master/mjpg-streamer-experimental/_build/plugins/input_http:
CMakeFiles  cmake_install.cmake  input_http.so  Makefile

./mjpg-streamer-master/mjpg-streamer-experimental/_build/plugins/input_http/CMakeFiles:
CMakeDirectoryInformation.cmake  input_http.dir  progress.marks

./mjpg-streamer-master/mjpg-streamer-experimental/_build/plugins/input_http/CMakeFiles/input_http.dir:
build.make         DependInfo.cmake  flags.make      misc.c.o
C.includecache     depend.internal   input_http.c.o  mjpg-proxy.c.o
cmake_clean.cmake  depend.make       link.txt        progress.make

./mjpg-streamer-master/mjpg-streamer-experimental/_build/plugins/input_opencv:
CMakeFiles  cmake_install.cmake  Makefile

./mjpg-streamer-master/mjpg-streamer-experimental/_build/plugins/input_opencv/CMakeFiles:
CMakeDirectoryInformation.cmake  progress.marks

./mjpg-streamer-master/mjpg-streamer-experimental/_build/plugins/input_ptp2:
CMakeFiles  cmake_install.cmake  Makefile

./mjpg-streamer-master/mjpg-streamer-experimental/_build/plugins/input_ptp2/CMakeFiles:
CMakeDirectoryInformation.cmake  progress.marks

./mjpg-streamer-master/mjpg-streamer-experimental/_build/plugins/input_raspicam:
CMakeFiles  cmake_install.cmake  input_raspicam.so  Makefile

./mjpg-streamer-master/mjpg-streamer-experimental/_build/plugins/input_raspicam/CMakeFiles:
CMakeDirectoryInformation.cmake  input_raspicam.dir  progress.marks

./mjpg-streamer-master/mjpg-streamer-experimental/_build/plugins/input_raspicam/CMakeFiles/input_raspicam.dir:
build.make         DependInfo.cmake  flags.make          progress.make
C.includecache     depend.internal   input_raspicam.c.o
cmake_clean.cmake  depend.make       link.txt

./mjpg-streamer-master/mjpg-streamer-experimental/_build/plugins/input_uvc:
CMakeFiles  cmake_install.cmake  input_uvc.so  Makefile

./mjpg-streamer-master/mjpg-streamer-experimental/_build/plugins/input_uvc/CMakeFiles:
CMakeDirectoryInformation.cmake  input_uvc.dir  progress.marks

./mjpg-streamer-master/mjpg-streamer-experimental/_build/plugins/input_uvc/CMakeFiles/input_uvc.dir:
build.make         DependInfo.cmake  dynctrl.c.o    jpeg_utils.c.o  v4l2uvc.c.o
C.includecache     depend.internal   flags.make     link.txt
cmake_clean.cmake  depend.make       input_uvc.c.o  progress.make

./mjpg-streamer-master/mjpg-streamer-experimental/_build/plugins/output_file:
CMakeFiles  cmake_install.cmake  Makefile  output_file.so

./mjpg-streamer-master/mjpg-streamer-experimental/_build/plugins/output_file/CMakeFiles:
CMakeDirectoryInformation.cmake  output_file.dir  progress.marks

./mjpg-streamer-master/mjpg-streamer-experimental/_build/plugins/output_file/CMakeFiles/output_file.dir:
build.make      cmake_clean.cmake  depend.internal  flags.make  output_file.c.o
C.includecache  DependInfo.cmake   depend.make      link.txt    progress.make

./mjpg-streamer-master/mjpg-streamer-experimental/_build/plugins/output_http:
CMakeFiles  cmake_install.cmake  Makefile  output_http.so

./mjpg-streamer-master/mjpg-streamer-experimental/_build/plugins/output_http/CMakeFiles:
CMakeDirectoryInformation.cmake  output_http.dir  progress.marks

./mjpg-streamer-master/mjpg-streamer-experimental/_build/plugins/output_http/CMakeFiles/output_http.dir:
build.make         DependInfo.cmake  flags.make  output_http.c.o
C.includecache     depend.internal   httpd.c.o   progress.make
cmake_clean.cmake  depend.make       link.txt

./mjpg-streamer-master/mjpg-streamer-experimental/_build/plugins/output_rtsp:
CMakeFiles  cmake_install.cmake  Makefile  output_rtsp.so

./mjpg-streamer-master/mjpg-streamer-experimental/_build/plugins/output_rtsp/CMakeFiles:
CMakeDirectoryInformation.cmake  output_rtsp.dir  progress.marks

./mjpg-streamer-master/mjpg-streamer-experimental/_build/plugins/output_rtsp/CMakeFiles/output_rtsp.dir:
build.make      cmake_clean.cmake  depend.internal  flags.make  output_rtsp.c.o
C.includecache  DependInfo.cmake   depend.make      link.txt    progress.make

./mjpg-streamer-master/mjpg-streamer-experimental/_build/plugins/output_udp:
CMakeFiles  cmake_install.cmake  Makefile  output_udp.so

./mjpg-streamer-master/mjpg-streamer-experimental/_build/plugins/output_udp/CMakeFiles:
CMakeDirectoryInformation.cmake  output_udp.dir  progress.marks

./mjpg-streamer-master/mjpg-streamer-experimental/_build/plugins/output_udp/CMakeFiles/output_udp.dir:
build.make      cmake_clean.cmake  depend.internal  flags.make  output_udp.c.o
C.includecache  DependInfo.cmake   depend.make      link.txt    progress.make

./mjpg-streamer-master/mjpg-streamer-experimental/_build/plugins/output_viewer:
CMakeFiles  cmake_install.cmake  Makefile

./mjpg-streamer-master/mjpg-streamer-experimental/_build/plugins/output_viewer/CMakeFiles:
CMakeDirectoryInformation.cmake  progress.marks

./mjpg-streamer-master/mjpg-streamer-experimental/cmake:
FindGphoto2.cmake  mjpg_streamer_utils.cmake

./mjpg-streamer-master/mjpg-streamer-experimental/plugins:
input_control  input_opencv       input_uvc         output_http
input_file     input_ptp2         output_autofocus  output_rtsp
input.h        input_raspicam     output_file       output_udp
input_http     input_testpicture  output.h          output_viewer

./mjpg-streamer-master/mjpg-streamer-experimental/plugins/input_control:
dynctrl.c  dynctrl.h  input_uvc.c  Makefile  uvc_compat.h  uvcvideo.h

./mjpg-streamer-master/mjpg-streamer-experimental/plugins/input_file:
CMakeLists.txt  input_file.c  Makefile

./mjpg-streamer-master/mjpg-streamer-experimental/plugins/input_http:
CMakeLists.txt  misc.c  mjpg-proxy.c  version.h
input_http.c    misc.h  mjpg-proxy.h

./mjpg-streamer-master/mjpg-streamer-experimental/plugins/input_opencv:
CMakeLists.txt  filters  input_opencv.cpp  input_opencv.h  README.md

./mjpg-streamer-master/mjpg-streamer-experimental/plugins/input_opencv/filters:
cvfilter_cpp  cvfilter_py

./mjpg-streamer-master/mjpg-streamer-experimental/plugins/input_opencv/filters/cvfilter_cpp:
CMakeLists.txt  filter_cpp.cpp  README.md

./mjpg-streamer-master/mjpg-streamer-experimental/plugins/input_opencv/filters/cvfilter_py:
cmake           conversion.cpp  example_filter.py  README.md
CMakeLists.txt  conversion.h    filter_py.cpp

./mjpg-streamer-master/mjpg-streamer-experimental/plugins/input_opencv/filters/cvfilter_py/cmake:
FindNumpy.cmake

./mjpg-streamer-master/mjpg-streamer-experimental/plugins/input_ptp2:
CMakeLists.txt  input_ptp2.c  input_ptp2.h

./mjpg-streamer-master/mjpg-streamer-experimental/plugins/input_raspicam:
CMakeLists.txt    mmal               RaspiCamControl.h
input_raspicam.c  RaspiCamControl.c  README.md

./mjpg-streamer-master/mjpg-streamer-experimental/plugins/input_raspicam/mmal:
CMakeLists.txt    mmal_encodings.h  mmal_parameters_audio.h   mmal_pool.h
core              mmal_events.h     mmal_parameters_camera.h  mmal_port.h
mmal_buffer.h     mmal_format.h     mmal_parameters_clock.h   mmal_queue.h
mmal_clock.h      mmal.h            mmal_parameters_common.h  mmal_types.h
mmal_common.h     mmal_logging.h    mmal_parameters.h         util
mmal_component.h  mmal_metadata.h   mmal_parameters_video.h   vc

./mjpg-streamer-master/mjpg-streamer-experimental/plugins/input_raspicam/mmal/core:
CMakeLists.txt         mmal_component_private.h  mmal_port.c
mmal_buffer.c          mmal_core_private.h       mmal_port_clock.c
mmal_buffer_private.h  mmal_events.c             mmal_port_private.h
mmal_clock.c           mmal_format.c             mmal_queue.c
mmal_clock_private.h   mmal_logging.c
mmal_component.c       mmal_pool.c

./mjpg-streamer-master/mjpg-streamer-experimental/plugins/input_raspicam/mmal/util:
CMakeLists.txt             mmal_graph.h          mmal_util.c
mmal_component_wrapper.c   mmal_il.c             mmal_util.h
mmal_component_wrapper.h   mmal_il.h             mmal_util_params.c
mmal_connection.c          mmal_list.c           mmal_util_params.h
mmal_connection.h          mmal_list.h           mmal_util_rational.c
mmal_default_components.h  mmal_param_convert.c  mmal_util_rational.h
mmal_graph.c               mmal_param_convert.h

./mjpg-streamer-master/mjpg-streamer-experimental/plugins/input_raspicam/mmal/vc:
CMakeLists.txt     mmal_vc_api.h          mmal_vc_msgnames.h      mmal_vc_shm.c
mmal_vc_api.c      mmal_vc_client.c       mmal_vc_msgs.h          mmal_vc_shm.h
mmal_vc_api_drm.c  mmal_vc_client_priv.h  mmal_vc_opaque_alloc.c
mmal_vc_api_drm.h  mmal_vc_msgnames.c     mmal_vc_opaque_alloc.h

./mjpg-streamer-master/mjpg-streamer-experimental/plugins/input_testpicture:
input_testpicture.c  Makefile  pictures  testpictures.h

./mjpg-streamer-master/mjpg-streamer-experimental/plugins/input_testpicture/pictures:
160x120_1.jpg  320x240_1.jpg  640x480_1.jpg  960x720_1.jpg
160x120_2.jpg  320x240_2.jpg  640x480_2.jpg  960x720_2.jpg

./mjpg-streamer-master/mjpg-streamer-experimental/plugins/input_uvc:
CMakeLists.txt  dynctrl.h  input_uvc.c   jpeg_utils.h  uvc_compat.h  v4l2uvc.c
dynctrl.c       huffman.h  jpeg_utils.c  README.md     uvcvideo.h    v4l2uvc.h

./mjpg-streamer-master/mjpg-streamer-experimental/plugins/output_autofocus:
Makefile  output_autofocus.c  processJPEG_onlyCenter.c  processJPEG_onlyCenter.h

./mjpg-streamer-master/mjpg-streamer-experimental/plugins/output_file:
CMakeLists.txt  examples  output_file.c  output_file.h

./mjpg-streamer-master/mjpg-streamer-experimental/plugins/output_file/examples:
change_filename.sh  ftp_upload.sh  show_filename.sh

./mjpg-streamer-master/mjpg-streamer-experimental/plugins/output_http:
CMakeLists.txt  httpd.c  httpd.h  output_http.c  README.md

./mjpg-streamer-master/mjpg-streamer-experimental/plugins/output_rtsp:
CMakeLists.txt  output_rtsp.c

./mjpg-streamer-master/mjpg-streamer-experimental/plugins/output_udp:
CMakeLists.txt  output_udp.c

./mjpg-streamer-master/mjpg-streamer-experimental/plugins/output_viewer:
CMakeLists.txt  output_viewer.c  README.md

./mjpg-streamer-master/mjpg-streamer-experimental/scripts:
make_deb.sh

./mjpg-streamer-master/mjpg-streamer-experimental/www:
bodybg.gif         javascript.html                  jquery.ui.widget.min.js
cambozola.jar      javascript_motiondetection.html  LICENSE.txt
control.htm        javascript_simple.html           rotateicons.png
example.jpg        java_simple.html                 sidebarbg.gif
favicon.ico        jquery.js                        spinbtn_updn.gif
favicon.png        jquery.rotate.js                 static.html
fix.css            JQuerySpinBtn.css                static_simple.html
functions.js       JQuerySpinBtn.js                 stream.html
index.html         jquery.ui.core.min.js            stream_simple.html
java_control.html  jquery.ui.custom.css             style.css
java.html          jquery.ui.tabs.min.js            videolan.html

./Music:

./Pictures:

./Public:

./python:
advance.py           KeyScanStart.py               ServoControlColorVersion2.py
avoid_ultrasonic.py  light_follow.py               servotest.py
CarRun.py            master_system_control.py      servo_ultrasonic_avoid.py
ColorLED.py          PS2_control_2.py              TCP_Control.py
infrared_avoid.py    PS2_control.py                tracking.py
infrared_follow.py   ServoControlColorVersion1.py

./python_games:
4row_arrow.png           gem4.png                    pentomino.py
4row_black.png           gem5.png                    pinkgirl.png
4row_board.png           gem6.png                    Plain_Block.png
4row_computerwinner.png  gem7.png                    princess.png
4row_humanwinner.png     gemgem.py                   RedSelector.png
4row_red.png             grass1.png                  Rock.png
4row_tie.png             grass2.png                  Selector.png
badswap.wav              grass3.png                  simulate.py
beep1.ogg                grass4.png                  slidepuzzle.py
beep2.ogg                Grass_Block.png             squirrel.png
beep3.ogg                horngirl.png                squirrel.py
beep4.ogg                inkspilllogo.png            Star.png
blankpygame.py           inkspill.py                 starPusherLevels.txt
boy.png                  inkspillresetbutton.png     starpusher.py
catanimation.py          inkspillsettingsbutton.png  star_solved.png
catgirl.png              inkspillsettings.png        star_title.png
cat.png                  inkspillspot.png            tetrisb.mid
drawing.py               launcher.sh                 tetrisc.mid
flippybackground.png     match0.wav                  tetrominoforidiots.py
flippyboard.png          match1.wav                  tetromino.py
flippy.py                match2.wav                  Tree_Short.png
fourinarow.py            match3.wav                  Tree_Tall.png
gameicon.png             match4.wav                  Tree_Ugly.png
gem1.png                 match5.wav                  Wall_Block_Tall.png
gem2.png                 memorypuzzle_obfuscated.py  Wood_Block_Tall.png
gem3.png                 memorypuzzle.py             wormy.py

./SmartCar:
advance              infrared_avoid.c         PS2_Control.c
advance.c            infrared_follow          qctzhd
avoid_ultrasonic     infrared_follow.c        ServoControlCorlor
avoid_ultrasonic.c   initpin.sh               ServoControlCorlor.c
bluetooth_control    KeyScanStart             servo_ultrasonic_avoid
bluetooth_control.c  KeyScanStart.c           servo_ultrasonic_avoid.c
CarRun               light_follow             TCP_control
CarRun.c             light_follow.c           TCP_control.c
ColorLED             master_system_control    tracking
ColorLED.c           master_system_control.c  tracking.c
infrared_avoid       PS2_Control

./Templates:

./tools:
pi3-miniuart-bt-overlay.dtb  RPi.GPIO-0.6.3  RPi.GPIO-0.6.3.tar.gz

./tools/RPi.GPIO-0.6.3:
build                            INSTALL.txt  README.txt  source
CHANGELOG.txt                    LICENCE.txt  RPi         test
create_gpio_user_permissions.py  PKG-INFO     setup.py

./tools/RPi.GPIO-0.6.3/build:
lib.linux-armv7l-2.7  temp.linux-armv7l-2.7

./tools/RPi.GPIO-0.6.3/build/lib.linux-armv7l-2.7:
RPi

./tools/RPi.GPIO-0.6.3/build/lib.linux-armv7l-2.7/RPi:
GPIO  _GPIO.so  __init__.py

./tools/RPi.GPIO-0.6.3/build/lib.linux-armv7l-2.7/RPi/GPIO:
__init__.py

./tools/RPi.GPIO-0.6.3/build/temp.linux-armv7l-2.7:
source

./tools/RPi.GPIO-0.6.3/build/temp.linux-armv7l-2.7/source:
c_gpio.o  constants.o  event_gpio.o  py_pwm.o
common.o  cpuinfo.o    py_gpio.o     soft_pwm.o

./tools/RPi.GPIO-0.6.3/RPi:
GPIO  __init__.py

./tools/RPi.GPIO-0.6.3/RPi/GPIO:
__init__.py

./tools/RPi.GPIO-0.6.3/source:
c_gpio.c  common.h     cpuinfo.c     event_gpio.h  py_pwm.h
c_gpio.h  constants.c  cpuinfo.h     py_gpio.c     soft_pwm.c
common.c  constants.h  event_gpio.c  py_pwm.c      soft_pwm.h

./tools/RPi.GPIO-0.6.3/test:
test.py

./Videos:

./wiringPi-8d188fa:
build           debian-template  gpio        People      update     wiringPi
COPYING.LESSER  devLib           INSTALL     pins        VERSION    wiringPiD
debian          examples         newVersion  README.TXT  version.h

./wiringPi-8d188fa/debian:
changelog  copyright             libwiringpi-dev.dirs     wiringpi.dirs
compat     libwiringpi2.install  libwiringpi-dev.install  wiringpi.install
control    libwiringpi2.shlibs   rules

./wiringPi-8d188fa/debian-template:
wiringPi

./wiringPi-8d188fa/debian-template/wiringPi:
DEBIAN

./wiringPi-8d188fa/debian-template/wiringPi/DEBIAN:
control  postinst  postrm

./wiringPi-8d188fa/devLib:
ds1302.c     lcd128x64.c             Makefile     piFaceOld.c  scrollPhat.c
ds1302.h     lcd128x64.h             maxdetect.c  piGlow.c     scrollPhatFont.h
ds1302.o     lcd128x64.o             maxdetect.h  piGlow.h     scrollPhat.h
font.h       lcd.c                   maxdetect.o  piGlow.o     scrollPhat.o
gertboard.c  lcd.h                   piFace.c     piNes.c
gertboard.h  lcd.o                   piFace.h     piNes.h
gertboard.o  libwiringPiDev.so.2.46  piFace.o     piNes.o

./wiringPi-8d188fa/examples:
blink12.c      blink-thread.c  isr-osc.c       PiFace        serialTest.c
blink12drcs.c  clock.c         lcd-adafruit.c  PiGlow        servo.c
blink6drcs.c   COPYING.LESSER  lcd.c           pwm.c         softPwm.c
blink8.c       delayTest.c     lowPower.c      q2w           softTone.c
blink8-drcn.c  ds1302.c        Makefile        README.TXT    speed.c
blink.c        Gertboard       max31855.c      rht03.c       spiSpeed.c
blink.rtb      header.h        nes.c           scrollPhat    wfi.c
blink.sh       isr.c           okLed.c         serialRead.c

./wiringPi-8d188fa/examples/Gertboard:
7segments.c  gertboard.c  record.c       voltmeter.c
buttons.c    Makefile     temperature.c  vumeter.c

./wiringPi-8d188fa/examples/PiFace:
blink.c  buttons.c  ladder.c  Makefile  metro.c  motor.c  reaction.c

./wiringPi-8d188fa/examples/PiGlow:
Makefile  piGlow0.c  piGlow1.c  piglow.c

./wiringPi-8d188fa/examples/q2w:
binary.c  blink.c  blink-io.c  blink.sh  bright.c  button.c  Makefile  volts.c

./wiringPi-8d188fa/examples/scrollPhat:
Makefile  scphat.c  test.c

./wiringPi-8d188fa/gpio:
COPYING.LESSER  gpio.1  gpio.o    pintest    readall.o
gpio            gpio.c  Makefile  readall.c  test.sh

./wiringPi-8d188fa/pins:
Makefile  pins.pdf  pins.tex

./wiringPi-8d188fa/wiringPi:
ads1115.c            max31855.h     mcp23x08.h    piThread.c    wiringPi.c
ads1115.h            max31855.o     mcp3002.c     piThread.o    wiringPi.h
ads1115.o            max5322.c      mcp3002.h     pseudoPins.c  wiringPiI2C.c
bmp180.c             max5322.h      mcp3002.o     pseudoPins.h  wiringPiI2C.h
bmp180.h             max5322.o      mcp3004.c     pseudoPins.o  wiringPiI2C.o
bmp180.o             mcp23008.c     mcp3004.h     rht03.c       wiringPi.o
COPYING.LESSER       mcp23008.h     mcp3004.o     rht03.h       wiringPiSPI.c
drcNet.c             mcp23008.o     mcp3422.c     rht03.o       wiringPiSPI.h
drcNet.h             mcp23016.c     mcp3422.h     sn3218.c      wiringPiSPI.o
drcNet.o             mcp23016.h     mcp3422.o     sn3218.h      wiringSerial.c
drcSerial.c          mcp23016.o     mcp4802.c     sn3218.o      wiringSerial.h
drcSerial.h          mcp23016reg.h  mcp4802.h     softPwm.c     wiringSerial.o
drcSerial.o          mcp23017.c     mcp4802.o     softPwm.h     wiringShift.c
ds18b20.c            mcp23017.h     noMoreStatic  softPwm.o     wiringShift.h
ds18b20.h            mcp23017.o     pcf8574.c     softServo.c   wiringShift.o
ds18b20.o            mcp23s08.c     pcf8574.h     softServo.h   wpiExtensions.c
htu21d.c             mcp23s08.h     pcf8574.o     softTone.c    wpiExtensions.h
htu21d.h             mcp23s08.o     pcf8591.c     softTone.h    wpiExtensions.o
htu21d.o             mcp23s17.c     pcf8591.h     softTone.o
libwiringPi.so.2.46  mcp23s17.h     pcf8591.o     sr595.c
Makefile             mcp23s17.o     piHiPri.c     sr595.h
max31855.c           mcp23x0817.h   piHiPri.o     sr595.o

./wiringPi-8d188fa/wiringPiD:
daemonise.c  drcNetCmd.h  network.c  runRemote.c  wiringpid.c
daemonise.h  Makefile     network.h  runRemote.h
pi@raspberrypi:~ $ ls -R|more
.:
Desktop
Documents
Downloads
dyt_code
master.zip
mjpg-streamer-master
Music
my_file.txt
Pictures
Public
python
python_games
SmartCar
Templates
tools
Videos
wiringPi-8d188fa
wiringPi-8d188fa.tar.gz

./Desktop:

./Documents:

./Downloads:

./dyt_code:
advance.c
advancedyt
advance.py
carrun
CarRun.c
ColorLED
ColorLED.c
ColorLED.py
dytadv
hello
Hello.c
Hello.o
pycharm

./dyt_code/pycharm:
test.py

./mjpg-streamer-master:
mjpg-streamer-experimental
README.md

./mjpg-streamer-master/mjpg-streamer-experimental:
\
_build
cmake
CMakeLists.txt
Dockerfile
docker-start.sh
pi@raspberrypi:~ $ man ls
LS(1)                            User Commands                            LS(1)

NAME
       ls - list directory contents

SYNOPSIS
       ls [OPTION]... [FILE]...

DESCRIPTION
       List  information  about  the  FILEs (the current directory by default).
       Sort entries alphabetically if none of -cftuvSUX nor  --sort  is  speci‐
       fied.

       Mandatory arguments to long options are mandatory for short options too.

       -a, --all
              do not ignore entries starting with .

       -A, --almost-all
              do not list implied . and ..

pi@raspberrypi:~ $ man ls|less
LS(1)                            User Commands                            LS(1)

NAME
       ls - list directory contents

SYNOPSIS
       ls [OPTION]... [FILE]...

DESCRIPTION
       List  information  about  the  FILEs (the current directory by default).
       Sort entries alphabetically if none of -cftuvSUX nor  --sort  is  speci‐
       fied.

       Mandatory arguments to long options are mandatory for short options too.

       -a, --all
              do not ignore entries starting with .

       -A, --almost-all
              do not list implied . and ..

pi@raspberrypi:~ $ date
Sat 19 Jan 05:45:18 UTC 2019
pi@raspberrypi:~ $ cal
    January 2019      
Su Mo Tu We Th Fr Sa  
       1  2  3  4  5  
 6  7  8  9 10 11 12  
13 14 15 16 17 18 19  
20 21 22 23 24 25 26  
27 28 29 30 31        
                      
pi@raspberrypi:~ $ ls *txt
my_file.txt
pi@raspberrypi:~ $ ls [a-c]*txt
ls: cannot access '[a-c]*txt': No such file or directory
pi@raspberrypi:~ $ ls [a-x]*txt 
my_file.txt
pi@raspberrypi:~ $ mv my_file.txt myfile.txt
pi@raspberrypi:~ $ ls
Desktop    master.zip            Pictures      SmartCar   wiringPi-8d188fa
Documents  mjpg-streamer-master  Public        Templates  wiringPi-8d188fa.tar.gz
Downloads  Music                 python        tools
dyt_code   myfile.txt            python_games  Videos
pi@raspberrypi:~ $ vim a.c
pi@raspberrypi:~ $ mv a.c
mv: missing destination file operand after 'a.c'
Try 'mv --help' for more information.
pi@raspberrypi:~ $ rm a.c
rm: cannot remove 'a.c': No such file or directory
pi@raspberrypi:~ $ ls
Desktop    master.zip            Pictures      SmartCar   wiringPi-8d188fa
Documents  mjpg-streamer-master  Public        Templates  wiringPi-8d188fa.tar.gz
Downloads  Music                 python        tools
dyt_code   myfile.txt            python_games  Videos
pi@raspberrypi:~ $ vim a.c
pi@raspberrypi:~ $ rm a.c
rm: cannot remove 'a.c': No such file or directory
pi@raspberrypi:~ $ vim a.c
"a.c" [New] 1L, 4C written                            
pi@raspberrypi:~ $ rm a.c 
pi@raspberrypi:~ $ ls
Desktop    master.zip            Pictures      SmartCar   wiringPi-8d188fa
Documents  mjpg-streamer-master  Public        Templates  wiringPi-8d188fa.tar.gz
Downloads  Music                 python        tools
dyt_code   myfile.txt            python_games  Videos
pi@raspberrypi:~ $ ls >aaa
pi@raspberrypi:~ $ ls
aaa        master.zip            Public        tools
Desktop    mjpg-streamer-master  python        Videos
Documents  Music                 python_games  wiringPi-8d188fa
Downloads  myfile.txt            SmartCar      wiringPi-8d188fa.tar.gz
dyt_code   Pictures              Templates
pi@raspberrypi:~ $ cat aaa
aaa
Desktop
Documents
Downloads
dyt_code
master.zip
mjpg-streamer-master
Music
myfile.txt
Pictures
Public
python
python_games
SmartCar
Templates
tools
Videos
wiringPi-8d188fa
wiringPi-8d188fa.tar.gz
pi@raspberrypi:~ $ ls >> bbb
pi@raspberrypi:~ $ ls >> bbb
pi@raspberrypi:~ $ cat aaa  
aaa
Desktop
Documents
Downloads
dyt_code
master.zip
mjpg-streamer-master
Music
myfile.txt
Pictures
Public
python
python_games
SmartCar
Templates
tools
Videos
wiringPi-8d188fa
wiringPi-8d188fa.tar.gz
pi@raspberrypi:~ $ cat bbb
aaa
bbb
Desktop
Documents
Downloads
dyt_code
master.zip
mjpg-streamer-master
Music
myfile.txt
Pictures
Public
python
python_games
SmartCar
Templates
tools
Videos
wiringPi-8d188fa
wiringPi-8d188fa.tar.gz
aaa
bbb
Desktop
Documents
Downloads
dyt_code
master.zip
mjpg-streamer-master
Music
myfile.txt
Pictures
Public
python
python_games
SmartCar
Templates
tools
Videos
wiringPi-8d188fa
wiringPi-8d188fa.tar.gz
pi@raspberrypi:~ $ rm aaa.c
rm: cannot remove 'aaa.c': No such file or directory
pi@raspberrypi:~ $ rm aaa
pi@raspberrypi:~ $ rm bbb
